Microchip MPLAB XC8 Compiler V3.10

Linker command line:

-W-3 \
  --edf=C:\Program Files\Microchip\xc8\v3.10\pic\dat\20250813170317_en.msgs \
  -cn -h+dist/default/production\Project_1_ECU1.X.production.sym \
  --cmf=dist/default/production\Project_1_ECU1.X.production.cmf -z \
  -Q18F4580 -oC:\Users\nesti\AppData\Local\Temp\xcAskmw.0\driver_tmp_3.o \
  --defsym=__MPLAB_BUILD=1 --fixupoverflow=error \
  -Mdist/default/production/Project_1_ECU1.X.production.map \
  --md=C:\Users\nesti\AppData\Local\Temp\xcAskmw.0\driver_tmp_0.dat -E1 \
  -ver=XC8 Compiler -ACODE=00h-03000h -ACONST=00h-03000h \
  -ASMALLCONST=0600h-06FFhx42,03000h-03000h -AMEDIUMCONST=0600h-03000h \
  -ACOMRAM=01h-05Fh -AABS1=00h-05FFh -ABIGRAM=01h-05FFh \
  -ARAM=060h-0FFh,0100h-01FFhx5 -ABANK0=060h-0FFh -ABANK1=0100h-01FFh \
  -ABANK2=0200h-02FFh -ABANK3=0300h-03FFh -ABANK4=0400h-04FFh \
  -ABANK5=0500h-05FFh -ASFR=0D00h-0DFFhx2,0F00h-0F5Fh,0F60h-0FFFh \
  -ABIGSFR=0D00h-0FFFh -ACONFIG=0300000h-030000Dh -AIDLOC=0200000h-0200007h \
  -AEEDATA=0F00000h-0F000FFh -peeprom_data=EEDATA \
  -preset_vec=00h,intcode=8h,intcodelo=18h,sivt_lo,sivt_hi=CODE \
  -ppowerup=CODE,init -pramtop=0600h -psmallconst=SMALLCONST \
  -pmediumconst=MEDIUMCONST -pconst=CONST -AFARRAM=00h-00h \
  -prdata=COMRAM,nvrram=COMRAM,nvbit=COMRAM,rbss=COMRAM,rbit=COMRAM \
  -pfarbss=FARRAM,fardata=FARRAM,nvFARRAM=FARRAM \
  -pintsave_regs=BIGRAM,bigbss=BIGRAM,bigdata=BIGRAM -pbss=RAM \
  -pidata=CODE,irdata=CODE,ibigdata=CODE,ifardata=CODE -prparam=COMRAM \
  C:\Users\nesti\AppData\Local\Temp\xcAskmw.0\driver_tmp_9.o \
  dist/default/production\Project_1_ECU1.X.production.o 

Object code version is 3.11

Machine type is 18F4580



                Name                               Link     Load   Length Selector   Space Scale
C:\Users\nesti\AppData\Local\Temp\xcAskmw.0\driver_tmp_9.o
                idloc                            200000   200000        8        0       5
                config                           300000   300000        E        0       4
                init                               2FFC     2FFC        4     17FE       0
                reset_vec                             0        0        4        0       0
dist/default/production\Project_1_ECU1.X.production.o
                idloc                            200000   200000        8        0       5
                config                           300000   300000        E        0       4
                smallconst                          600      600        2      300       0
                text17                             10AE     10AE       48      301       0
                text16                             113C     113C       3C      301       0
                text15                              F8A      F8A       6E      301       0
                text14                              EA4      EA4       74      301       0
                text13                              D50      D50       DC      301       0
                text12                              E2C      E2C       78      301       0
                text11                              602      602      38E      301       0
                text10                              C4A      C4A      106      301       0
                text9                               F18      F18       72      301       0
                text8                               FF8      FF8       64      301       0
                text7                               990      990      1B4      301       0
                text6                              10F6     10F6       46      301       0
                text5                               B44      B44      106      301       0
                text4                              11D8     11D8       1C      301       0
                text3                              1178     1178       38      301       0
                text2                              1238     1238        8      908       0
                text1                              1210     1210       16      908       0
                text0                              11B0     11B0       28      301       0
                cstackCOMRAM                          1        1       3B        1       1
                dataBANK0                            60       60       1B       60       1
                dataCOMRAM                           3C       3C       12        1       1
                bssCOMRAM                            4E       4E        6        1       1
                cinit                              105C     105C       52      301       0
                idataBANK0                         11F4     11F4       1B      301       0
                idataCOMRAM                        1226     1226       12      908       0

TOTAL           Name                               Link     Load   Length     Space
        CLASS   CODE           
                init                               2FFC     2FFC        4         0
                reset_vec                             0        0        4         0
                text17                             10AE     10AE       48         0
                text16                             113C     113C       3C         0
                text15                              F8A      F8A       6E         0
                text14                              EA4      EA4       74         0
                text13                              D50      D50       DC         0
                text12                              E2C      E2C       78         0
                text11                              602      602      38E         0
                text10                              C4A      C4A      106         0
                text9                               F18      F18       72         0
                text8                               FF8      FF8       64         0
                text7                               990      990      1B4         0
                text6                              10F6     10F6       46         0
                text5                               B44      B44      106         0
                text4                              11D8     11D8       1C         0
                text3                              1178     1178       38         0
                text2                              1238     1238        8         0
                text1                              1210     1210       16         0
                text0                              11B0     11B0       28         0
                cinit                              105C     105C       52         0
                idataBANK0                         11F4     11F4       1B         0
                idataCOMRAM                        1226     1226       12         0

        CLASS   CONST          

        CLASS   SMALLCONST     
                smallconst                          600      600        2         0

        CLASS   MEDIUMCONST    

        CLASS   COMRAM         
                cstackCOMRAM                          1        1       3B         1
                dataCOMRAM                           3C       3C       12         1
                bssCOMRAM                            4E       4E        6         1

        CLASS   ABS1           

        CLASS   BIGRAM         

        CLASS   RAM            

        CLASS   BANK0          
                dataBANK0                            60       60       1B         1

        CLASS   BANK1          

        CLASS   BANK2          

        CLASS   BANK3          

        CLASS   BANK4          

        CLASS   BANK5          

        CLASS   SFR            

        CLASS   BIGSFR         

        CLASS   CONFIG         
                config                           300000   300000        E         4

        CLASS   IDLOC          
                idloc                            200000   200000        8         5

        CLASS   EEDATA         

        CLASS   FARRAM         

        CLASS   HEAP           

        CLASS   STACK          



SEGMENTS        Name                           Load    Length   Top    Selector   Space  Class

                reset_vec                      000000  000004  000004         0       0  CODE    
                cstackCOMRAM                   000001  000053  000054         1       1  COMRAM  
                dataBANK0                      000060  00001B  00007B        60       1  BANK0   
                smallconst                     000600  000002  000602       300       0  SMALLCON
                text11                         000602  000C0D  00120F       301       0  CODE    
                text1                          001210  000030  001240       908       0  CODE    
                init                           002FFC  000004  003000      17FE       0  CODE    


UNUSED ADDRESS RANGES

        Name                Unused          Largest block    Delta
        BANK0            00007B-0000FF               85
        BANK1            000100-0001FF              100
        BANK2            000200-0002FF              100
        BANK3            000300-0003FF              100
        BANK4            000400-0004FF              100
        BANK5            000500-0005FF              100
        BIGRAM           000054-00005F                C
                         00007B-0005FF              585
        BIGSFR           000D00-000FFF              300
        CODE             000004-0005FF              5FC
                         00120F-00120F                1
                         001240-002FFB             1DBC
                         003000-003000                1
        COMRAM           000054-00005F                C
        CONST            000004-0005FF              5FC
                         00120F-00120F                1
                         001240-002FFB             1DBC
                         003000-003000                1
        EEDATA           F00000-F000FF              100
        MEDIUMCONST      00120F-00120F                1
                         001240-002FFB             1DBC
                         003000-003000                1
        RAM              00007B-0005FF              100
        SFR              000D00-000FFF              100
        SMALLCONST       00120F-00120F                1
                         001240-002FFB              100
                         003000-003000                1

                                  Symbol Table

?___fldiv                          cstackCOMRAM 000016
?___fltol                          cstackCOMRAM 00002F
?___lwdiv                          cstackCOMRAM 000001
?___lwmod                          cstackCOMRAM 000008
?___xxtofl                         cstackCOMRAM 000008
?_read_adc                         cstackCOMRAM 000001
SSD_Display@Data                   cstackCOMRAM 000001
SSD_Display@i                      cstackCOMRAM 000006
SSD_Display@wait                   cstackCOMRAM 000004
_ACQT0                             (abs)        007E03
_ACQT1                             (abs)        007E04
_ACQT2                             (abs)        007E05
_ADCON0                            (abs)        000FC2
_ADCON1                            (abs)        000FC1
_ADCS0                             (abs)        007E00
_ADCS1                             (abs)        007E01
_ADCS2                             (abs)        007E02
_ADFM                              (abs)        007E07
_ADON                              (abs)        007E10
_ADRESH                            (abs)        000FC4
_ADRESL                            (abs)        000FC3
_BRGCON1                           (abs)        000F70
_BRGCON2                           (abs)        000F71
_BRGCON3                           (abs)        000F72
_CANCON                            (abs)        000F6F
_CANSTAT                           (abs)        000F6E
_ECANCON                           (abs)        000F77
_GO                                (abs)        007E11
_GODONE                            (abs)        007E11
_PORTA                             (abs)        000F80
_PORTB                             (abs)        000F81
_PORTBbits                         (abs)        000F81
_PORTC                             (abs)        000F82
_PORTD                             (abs)        000F83
_RBPU                              (abs)        007F8F
_RC0                               (abs)        007C10
_RC1                               (abs)        007C11
_RC2                               (abs)        007C12
_RD7                               (abs)        007C1F
_RXB0CON                           (abs)        000F60
_RXB0D0                            (abs)        000F66
_RXB0DLC                           (abs)        000F65
_RXB0FUL                           (abs)        007B07
_RXB0IF                            (abs)        007D20
_RXB0SIDH                          (abs)        000F61
_RXB0SIDL                          (abs)        000F62
_RXFCON0                           (abs)        000DD4
_SSD_Display                       text12       000E2C
_TRISA                             (abs)        000F92
_TRISB                             (abs)        000F93
_TRISB2                            (abs)        007C9A
_TRISB3                            (abs)        007C9B
_TRISC                             (abs)        000F94
_TRISD                             (abs)        000F95
_TRISD7                            (abs)        007CAF
_TXB0D0                            (abs)        000F46
_TXB0DLC                           (abs)        000F45
_TXB0EIDH                          (abs)        000F43
_TXB0EIDL                          (abs)        000F44
_TXB0REQ                           (abs)        007A03
_TXB0SIDH                          (abs)        000F41
_TXB0SIDL                          (abs)        000F42
_VCFG0                             (abs)        007E0C
_VCFG1                             (abs)        007E0D
__HRAM                             (abs)        000000
__H__absolute__                    __absolute__ 000000
__Habs1                            abs1         000000
__Hbank0                           bank0        000000
__Hbank1                           bank1        000000
__Hbank2                           bank2        000000
__Hbank3                           bank3        000000
__Hbank4                           bank4        000000
__Hbank5                           bank5        000000
__Hbigbss                          bigbss       000000
__Hbigdata                         bigdata      000000
__Hbigram                          bigram       000000
__Hbigsfr                          bigsfr       000000
__Hbss                             bss          000000
__HbssCOMRAM                       bssCOMRAM    000000
__Hcinit                           cinit        000000
__Hclrtext                         clrtext      000000
__Hcomram                          comram       000000
__Hconfig                          config       30000E
__Hconst                           const        000000
__HcstackCOMRAM                    cstackCOMRAM 000000
__Hdata                            data         000000
__HdataBANK0                       dataBANK0    000000
__HdataCOMRAM                      dataCOMRAM   000000
__Heeprom_data                     eeprom_data  000000
__Hfarbss                          farbss       000000
__Hfardata                         fardata      000000
__Hheap                            heap         000000
__Hibigdata                        ibigdata     000000
__Hidata                           idata        000000
__HidataBANK0                      idataBANK0   000000
__HidataCOMRAM                     idataCOMRAM  000000
__Hidloc                           idloc        200008
__Hifardata                        ifardata     000000
__Hinit                            init         003000
__Hintcode                         intcode      000008
__Hintcode_body                    intcode_body 000000
__Hintcodelo                       intcodelo    000018
__Hintentry                        intentry     000000
__Hintret                          intret       000000
__Hintsave_regs                    intsave_regs 000000
__Hirdata                          irdata       000000
__Hmediumconst                     mediumconst  000000
__HnvFARRAM                        nvFARRAM     000000
__Hnvbit                           nvbit        000000
__Hnvrram                          nvrram       000000
__Hparam                           rparam       000000
__Hpowerup                         powerup      000000
__Hram                             ram          000000
__Hramtop                          ramtop       000600
__Hrbit                            rbit         000000
__Hrbss                            rbss         000000
__Hrdata                           rdata        000000
__Hreset_vec                       reset_vec    000004
__Hrparam                          rparam       000000
__Hsfr                             sfr          000000
__Hsivt_hi                         sivt_hi      000000
__Hsivt_lo                         sivt_lo      000018
__Hsmallconst                      smallconst   000602
__Hspace_0                         (abs)        003000
__Hspace_1                         (abs)        00007B
__Hspace_2                         (abs)        000000
__Hspace_4                         (abs)        60000E
__Hstack                           stack        000000
__Hstruct                          struct       000000
__Htemp                            temp         000000
__Htext                            text         000000
__Htext0                           text0        000000
__Htext1                           text1        000000
__Htext10                          text10       000000
__Htext11                          text11       000000
__Htext12                          text12       000000
__Htext13                          text13       000000
__Htext14                          text14       000000
__Htext15                          text15       000000
__Htext16                          text16       000000
__Htext17                          text17       000000
__Htext2                           text2        000000
__Htext3                           text3        000000
__Htext4                           text4        000000
__Htext5                           text5        000000
__Htext6                           text6        000000
__Htext7                           text7        000000
__Htext8                           text8        000000
__Htext9                           text9        000000
__LRAM                             (abs)        000001
__L__absolute__                    __absolute__ 000000
__Labs1                            abs1         000000
__Lbank0                           bank0        000000
__Lbank1                           bank1        000000
__Lbank2                           bank2        000000
__Lbank3                           bank3        000000
__Lbank4                           bank4        000000
__Lbank5                           bank5        000000
__Lbigbss                          bigbss       000000
__Lbigdata                         bigdata      000000
__Lbigram                          bigram       000000
__Lbigsfr                          bigsfr       000000
__Lbss                             bss          000000
__LbssCOMRAM                       bssCOMRAM    000000
__Lcinit                           cinit        000000
__Lclrtext                         clrtext      000000
__Lcomram                          comram       000000
__Lconfig                          config       000000
__Lconst                           const        000000
__LcstackCOMRAM                    cstackCOMRAM 000000
__Ldata                            data         000000
__LdataBANK0                       dataBANK0    000000
__LdataCOMRAM                      dataCOMRAM   000000
__Leeprom_data                     eeprom_data  000000
__Lfarbss                          farbss       000000
__Lfardata                         fardata      000000
__Lheap                            heap         000000
__Libigdata                        ibigdata     000000
__Lidata                           idata        000000
__LidataBANK0                      idataBANK0   000000
__LidataCOMRAM                     idataCOMRAM  000000
__Lidloc                           idloc        000000
__Lifardata                        ifardata     000000
__Linit                            init         002FFC
__Lintcode                         intcode      000008
__Lintcode_body                    intcode_body 000000
__Lintcodelo                       intcodelo    000018
__Lintentry                        intentry     000000
__Lintret                          intret       000000
__Lintsave_regs                    intsave_regs 000000
__Lirdata                          irdata       000000
__Lmediumconst                     mediumconst  000000
__LnvFARRAM                        nvFARRAM     000000
__Lnvbit                           nvbit        000000
__Lnvrram                          nvrram       000000
__Lparam                           rparam       000000
__Lpowerup                         powerup      000000
__Lram                             ram          000000
__Lramtop                          ramtop       000600
__Lrbit                            rbit         000000
__Lrbss                            rbss         000000
__Lrdata                           rdata        000000
__Lreset_vec                       reset_vec    000000
__Lrparam                          rparam       000000
__Lsfr                             sfr          000000
__Lsivt_hi                         sivt_hi      000000
__Lsivt_lo                         sivt_lo      000018
__Lsmallconst                      smallconst   000600
__Lspace_0                         (abs)        000000
__Lspace_1                         (abs)        000000
__Lspace_2                         (abs)        000000
__Lspace_4                         (abs)        000000
__Lstack                           stack        000000
__Lstruct                          struct       000000
__Ltemp                            temp         000000
__Ltext                            text         000000
__Ltext0                           text0        000000
__Ltext1                           text1        000000
__Ltext10                          text10       000000
__Ltext11                          text11       000000
__Ltext12                          text12       000000
__Ltext13                          text13       000000
__Ltext14                          text14       000000
__Ltext15                          text15       000000
__Ltext16                          text16       000000
__Ltext17                          text17       000000
__Ltext2                           text2        000000
__Ltext3                           text3        000000
__Ltext4                           text4        000000
__Ltext5                           text5        000000
__Ltext6                           text6        000000
__Ltext7                           text7        000000
__Ltext8                           text8        000000
__Ltext9                           text9        000000
__S0                               (abs)        003000
__S1                               (abs)        00007B
__S4                               (abs)        000000
__S5                               (abs)        000000
___fldiv                           text11       000602
___fldiv@a                         cstackCOMRAM 00001A
___fldiv@aexp                      cstackCOMRAM 00002E
___fldiv@b                         cstackCOMRAM 000016
___fldiv@bexp                      cstackCOMRAM 00002D
___fldiv@grs                       cstackCOMRAM 000029
___fldiv@new_exp                   cstackCOMRAM 000027
___fldiv@rem                       cstackCOMRAM 000022
___fldiv@sign                      cstackCOMRAM 000026
___fltol                           text10       000C4A
___fltol@exp1                      cstackCOMRAM 000038
___fltol@f1                        cstackCOMRAM 00002F
___fltol@sign1                     cstackCOMRAM 000037
___heap_hi                         (abs)        000000
___heap_lo                         (abs)        000000
___inthi_sp                        stack        000000
___inthi_stack_hi                  stack        000000
___inthi_stack_lo                  stack        000000
___intlo_sp                        stack        000000
___intlo_stack_hi                  stack        000000
___intlo_stack_lo                  stack        000000
___lwdiv                           text9        000F18
___lwdiv@counter                   cstackCOMRAM 000007
___lwdiv@dividend                  cstackCOMRAM 000001
___lwdiv@divisor                   cstackCOMRAM 000003
___lwdiv@quotient                  cstackCOMRAM 000005
___lwmod                           text8        000FF8
___lwmod@counter                   cstackCOMRAM 00000C
___lwmod@dividend                  cstackCOMRAM 000008
___lwmod@divisor                   cstackCOMRAM 00000A
___param_bank                      (abs)        000000
___rparam_used                     (abs)        000001
___sp                              stack        000000
___stack_hi                        stack        000000
___stack_lo                        stack        000000
___xxtofl                          text7        000990
___xxtofl@arg                      cstackCOMRAM 000012
___xxtofl@exp                      cstackCOMRAM 000011
___xxtofl@sign                     cstackCOMRAM 000010
___xxtofl@val                      cstackCOMRAM 000008
__accesstop                        (abs)        000060
__activetblptr                     (abs)        000000
__end_of_SSD_Display               text12       000EA4
__end_of___fldiv                   text11       000990
__end_of___fltol                   text10       000D50
__end_of___lwdiv                   text9        000F8A
__end_of___lwmod                   text8        00105C
__end_of___xxtofl                  text7        000B44
__end_of__initialization           cinit        0010A8
__end_of_can_transmit              text15       000FF8
__end_of_delay                     text17       0010F6
__end_of_get_gear_pos              text13       000E2C
__end_of_get_speed                 text5        000C4A
__end_of_init_adc                  text4        0011F4
__end_of_init_can                  text3        0011B0
__end_of_init_config               text1        001226
__end_of_init_digital_keypad       text2        001240
__end_of_main                      text0        0011D8
__end_of_read_adc                  text6        00113C
__end_of_read_digital_keypad       text14       000F18
__end_of_set_msg_id_std            text16       001178
__initialization                   cinit        00105C
__mediumconst                      smallconst   000600
__pbssCOMRAM                       bssCOMRAM    00004E
__pcinit                           cinit        00105C
__pcstackCOMRAM                    cstackCOMRAM 000001
__pdataBANK0                       dataBANK0    000060
__pdataCOMRAM                      dataCOMRAM   00003C
__pidataBANK0                      idataBANK0   0011F4
__pidataCOMRAM                     idataCOMRAM  001226
__psmallconst                      smallconst   000600
__ptext0                           text0        0011B0
__ptext1                           text1        001210
__ptext10                          text10       000C4A
__ptext11                          text11       000602
__ptext12                          text12       000E2C
__ptext13                          text13       000D50
__ptext14                          text14       000EA4
__ptext15                          text15       000F8A
__ptext16                          text16       00113C
__ptext17                          text17       0010AE
__ptext2                           text2        001238
__ptext3                           text3        001178
__ptext4                           text4        0011D8
__ptext5                           text5        000B44
__ptext6                           text6        0010F6
__ptext7                           text7        000990
__ptext8                           text8        000FF8
__ptext9                           text9        000F18
__ramtop                           ramtop       000600
__smallconst                       smallconst   000600
_can_transmit                      text15       000F8A
_delay                             text17       0010AE
_digit                             dataCOMRAM   00003C
_event                             dataBANK0    000060
_get_gear_pos                      text13       000D50
_get_speed                         text5        000B44
_init_adc                          text4        0011D8
_init_can                          text3        001178
_init_config                       text1        001210
_init_digital_keypad               text2        001238
_key                               dataCOMRAM   000046
_main                              text0        0011B0
_read_adc                          text6        0010F6
_read_digital_keypad               text14       000EA4
_set_msg_id_std                    text16       00113C
_speed                             bssCOMRAM    000050
_ssd                               dataCOMRAM   00004A
can_transmit@data                  cstackCOMRAM 000007
can_transmit@i                     cstackCOMRAM 00000E
can_transmit@len                   cstackCOMRAM 000008
can_transmit@msg_id                cstackCOMRAM 000005
can_transmit@ptr                   cstackCOMRAM 00000C
delay@factor                       cstackCOMRAM 000001
delay@i                            cstackCOMRAM 000005
delay@j                            cstackCOMRAM 000003
end_of_initialization              cinit        0010A8
get_gear_pos@flag                  bssCOMRAM    000052
get_gear_pos@index                 bssCOMRAM    00004E
get_speed@speed_data               cstackCOMRAM 000039
intlevel0                          text         000000
intlevel1                          text         000000
intlevel2                          text         000000
intlevel3                          text         000000
isa$std                            (abs)        000001
isa$xinst                          (abs)        000000
read_adc@channel                   cstackCOMRAM 000007
read_adc@reg_val                   cstackCOMRAM 000005
read_digital_keypad@detection_type cstackCOMRAM 000001
read_digital_keypad@once           dataCOMRAM   000048
read_switches@key                  bssCOMRAM    000053
read_switches@once                 dataCOMRAM   000049
set_msg_id_std@id                  cstackCOMRAM 000001
stackhi                            (abs)        000000
stacklo                            (abs)        000000
start                              init         002FFC
start_initialization               cinit        00105C


MODULE INFORMATION

Module		Function		Class		Link	Load	Size
ssd.c
		_SSD_Display   		CODE           	0E2C	0000	120

ssd.c estimated size: 120

C:\Program Files\Microchip\xc8\v3.10\pic\sources\c99\common\lwmod.c
		___lwmod       		CODE           	0FF8	0000	100

C:\Program Files\Microchip\xc8\v3.10\pic\sources\c99\common\lwmod.c estimated size: 100

C:\Program Files\Microchip\xc8\v3.10\pic\sources\c99\common\lwdiv.c
		___lwdiv       		CODE           	0F18	0000	114

C:\Program Files\Microchip\xc8\v3.10\pic\sources\c99\common\lwdiv.c estimated size: 114

adc.c
		_init_adc      		CODE           	11D8	0000	28
		_read_adc      		CODE           	10F6	0000	70

adc.c estimated size: 98

C:\Program Files\Microchip\xc8\v3.10\pic\sources\c99\common\fltol.c
		___fltol       		CODE           	0C4A	0000	262

C:\Program Files\Microchip\xc8\v3.10\pic\sources\c99\common\fltol.c estimated size: 262

C:\Program Files\Microchip\xc8\v3.10\pic\sources\c99\common\xxtofl.c
		___xxtofl      		CODE           	0990	0000	436

C:\Program Files\Microchip\xc8\v3.10\pic\sources\c99\common\xxtofl.c estimated size: 436

C:\Program Files\Microchip\xc8\v3.10\pic\sources\c99\common\sprcdiv.c
		___fldiv       		CODE           	0602	0000	910

C:\Program Files\Microchip\xc8\v3.10\pic\sources\c99\common\sprcdiv.c estimated size: 910

shared
		__initialization		CODE           	105C	0000	76

shared estimated size: 76

can.c
		_set_msg_id_std		CODE           	113C	0000	60
		_can_transmit  		CODE           	0F8A	0000	110
		_init_can      		CODE           	1178	0000	56

can.c estimated size: 226

speed_gear.c
		_get_speed     		CODE           	0B44	0000	262
		_get_gear_pos  		CODE           	0D50	0000	220

speed_gear.c estimated size: 482

main.c
		_delay         		CODE           	10AE	0000	72
		_main          		CODE           	11B0	0000	40
		_init_config   		CODE           	1210	0000	22

main.c estimated size: 134

dkp.c
		_init_digital_keypad		CODE           	1238	0000	8
		_read_digital_keypad		CODE           	0EA4	0000	116

dkp.c estimated size: 124

